Type-safe project accessors is an incubating feature.

> Configure project :core:ads
w: Unsupported Operating System
Kotlin CocoaPods Plugin is fully supported on MacOS machines only. Gradle tasks that can not run on non-mac hosts will be skipped.
Solution: Run the build on a MacOS machine

w: Cross Compilation with Cinterop Not Supported in Project 'ads'
In project 'ads', cross compilation to target 'iosArm64' has been disabled because it contains cinterops: 'Google_Mobile_Ads_SDK' which cannot be processed on host 'mingw_x64'.
Cinterop libraries require platform-specific native toolchains that aren't available on the current host system.
Solutions:
 * Remove the cinterop dependencies 'Google_Mobile_Ads_SDK' from target 'iosArm64'
 * Build on a compatible host platform for this target/cinterop combination
 * To disable klib cross compilation entirely, add 'kotlin.native.enableKlibsCrossCompilation=false' to your Gradle properties

w: Cross Compilation with Cinterop Not Supported in Project 'ads'
In project 'ads', cross compilation to target 'iosSimulatorArm64' has been disabled because it contains cinterops: 'Google_Mobile_Ads_SDK' which cannot be processed on host 'mingw_x64'.
Cinterop libraries require platform-specific native toolchains that aren't available on the current host system.
Solutions:
 * Remove the cinterop dependencies 'Google_Mobile_Ads_SDK' from target 'iosSimulatorArm64'
 * Build on a compatible host platform for this target/cinterop combination
 * To disable klib cross compilation entirely, add 'kotlin.native.enableKlibsCrossCompilation=false' to your Gradle properties


> Task :uiComponent:kmpPartiallyResolvedDependenciesChecker
> Task :uiComponent:checkKotlinGradlePluginConfigurationErrors SKIPPED
> Task :uiComponent:convertXmlValueResourcesForAndroidMain NO-SOURCE
> Task :uiComponent:copyNonXmlValueResourcesForAndroidMain NO-SOURCE
> Task :uiComponent:prepareComposeResourcesTaskForAndroidMain NO-SOURCE
> Task :uiComponent:generateResourceAccessorsForAndroidMain NO-SOURCE
> Task :uiComponent:convertXmlValueResourcesForCommonMain UP-TO-DATE
> Task :uiComponent:copyNonXmlValueResourcesForCommonMain UP-TO-DATE
> Task :uiComponent:prepareComposeResourcesTaskForCommonMain UP-TO-DATE
> Task :uiComponent:generateResourceAccessorsForCommonMain UP-TO-DATE
> Task :uiComponent:generateActualResourceCollectorsForAndroidMain UP-TO-DATE
> Task :uiComponent:androidPreBuild UP-TO-DATE
> Task :uiComponent:preAndroidMainBuild UP-TO-DATE
> Task :uiComponent:generateAndroidMainEmptyResourceFiles UP-TO-DATE
> Task :uiComponent:copyAndroidMainComposeResourcesToAndroidAssets UP-TO-DATE
> Task :uiComponent:packageAndroidMainResources UP-TO-DATE
> Task :uiComponent:parseAndroidMainLocalResources UP-TO-DATE
> Task :uiComponent:generateAndroidMainRFile UP-TO-DATE
> Task :uiComponent:generateComposeResClass UP-TO-DATE
> Task :uiComponent:generateExpectResourceCollectorsForCommonMain UP-TO-DATE
> Task :uiComponent:compileAndroidMain UP-TO-DATE
> Task :uiComponent:bundleAndroidMainClassesToCompileJar UP-TO-DATE
> Task :core:navigation:kmpPartiallyResolvedDependenciesChecker
> Task :core:navigation:checkKotlinGradlePluginConfigurationErrors SKIPPED
> Task :core:navigation:convertXmlValueResourcesForAndroidMain NO-SOURCE
> Task :core:navigation:copyNonXmlValueResourcesForAndroidMain NO-SOURCE
> Task :core:navigation:prepareComposeResourcesTaskForAndroidMain NO-SOURCE
> Task :core:navigation:generateResourceAccessorsForAndroidMain SKIPPED
> Task :core:navigation:convertXmlValueResourcesForCommonMain NO-SOURCE
> Task :core:navigation:copyNonXmlValueResourcesForCommonMain NO-SOURCE
> Task :core:navigation:prepareComposeResourcesTaskForCommonMain NO-SOURCE
> Task :core:navigation:generateResourceAccessorsForCommonMain SKIPPED
> Task :core:navigation:generateActualResourceCollectorsForAndroidMain SKIPPED
> Task :core:navigation:generateComposeResClass SKIPPED
> Task :core:navigation:generateExpectResourceCollectorsForCommonMain SKIPPED
> Task :core:navigation:compileAndroidMain UP-TO-DATE
> Task :core:navigation:androidPreBuild UP-TO-DATE
> Task :core:navigation:preAndroidMainBuild UP-TO-DATE
> Task :core:navigation:bundleAndroidMainClassesToCompileJar UP-TO-DATE
> Task :core:notification:kmpPartiallyResolvedDependenciesChecker
> Task :core:notification:checkKotlinGradlePluginConfigurationErrors SKIPPED
> Task :core:notification:compileAndroidMain UP-TO-DATE
> Task :core:notification:androidPreBuild UP-TO-DATE
> Task :core:notification:preAndroidMainBuild UP-TO-DATE
> Task :core:notification:bundleAndroidMainClassesToCompileJar UP-TO-DATE
> Task :core:persistence:kmpPartiallyResolvedDependenciesChecker
> Task :core:persistence:checkKotlinGradlePluginConfigurationErrors SKIPPED
> Task :core:persistence:kspAndroidMain UP-TO-DATE
> Task :core:persistence:copyRoomSchemas NO-SOURCE
> Task :core:persistence:compileAndroidMain UP-TO-DATE
> Task :core:persistence:androidPreBuild UP-TO-DATE
> Task :core:persistence:preAndroidMainBuild UP-TO-DATE
> Task :core:persistence:bundleAndroidMainClassesToCompileJar UP-TO-DATE
> Task :core:scan:kmpPartiallyResolvedDependenciesChecker
> Task :core:scan:checkKotlinGradlePluginConfigurationErrors SKIPPED
> Task :core:scan:convertXmlValueResourcesForAndroidMain NO-SOURCE
> Task :core:scan:copyNonXmlValueResourcesForAndroidMain NO-SOURCE
> Task :core:scan:prepareComposeResourcesTaskForAndroidMain NO-SOURCE
> Task :core:scan:generateResourceAccessorsForAndroidMain SKIPPED
> Task :core:scan:convertXmlValueResourcesForCommonMain NO-SOURCE
> Task :core:scan:copyNonXmlValueResourcesForCommonMain NO-SOURCE
> Task :core:scan:prepareComposeResourcesTaskForCommonMain NO-SOURCE
> Task :core:scan:generateResourceAccessorsForCommonMain SKIPPED
> Task :core:scan:generateActualResourceCollectorsForAndroidMain SKIPPED
> Task :core:scan:generateComposeResClass SKIPPED
> Task :core:scan:generateExpectResourceCollectorsForCommonMain SKIPPED
> Task :core:scan:compileAndroidMain UP-TO-DATE
> Task :core:scan:androidPreBuild UP-TO-DATE
> Task :core:scan:preAndroidMainBuild UP-TO-DATE
> Task :core:scan:bundleAndroidMainClassesToCompileJar UP-TO-DATE
> Task :feature:collections:impl:kmpPartiallyResolvedDependenciesChecker
> Task :feature:collections:impl:checkKotlinGradlePluginConfigurationErrors SKIPPED
> Task :feature:collections:impl:convertXmlValueResourcesForAndroidMain NO-SOURCE
> Task :feature:collections:impl:copyNonXmlValueResourcesForAndroidMain NO-SOURCE
> Task :feature:collections:impl:prepareComposeResourcesTaskForAndroidMain NO-SOURCE
> Task :feature:collections:impl:generateResourceAccessorsForAndroidMain SKIPPED
> Task :feature:collections:impl:convertXmlValueResourcesForCommonMain NO-SOURCE
> Task :feature:collections:impl:copyNonXmlValueResourcesForCommonMain NO-SOURCE
> Task :feature:collections:impl:prepareComposeResourcesTaskForCommonMain NO-SOURCE
> Task :feature:collections:impl:generateResourceAccessorsForCommonMain SKIPPED
> Task :feature:collections:impl:generateActualResourceCollectorsForAndroidMain SKIPPED
> Task :feature:collections:impl:generateComposeResClass SKIPPED
> Task :feature:collections:impl:generateExpectResourceCollectorsForCommonMain SKIPPED

> Task :feature:collections:impl:compileAndroidMain FAILED
.\gradlew.bat : e: file:///C:/Users/Premelc/StudioProjects/scanapp/feature/collections/impl/src/commonMain/kotlin/com/d
omelabs/scanapp/feature/collections/impl/presentation/CollectionsScreen.kt:60:17 Cannot access class 
'org.jetbrains.compose.resources.DrawableResource'. Check your module classpath for missing or conflicting 
dependencies.
At C:\Users\Premelc\AppData\Local\Temp\ps-script-6e09a9f2-cc8e-4c0d-8978-7ad6f2d8a1e5.ps1:80 char:1
+ .\gradlew.bat :feature:collections:impl:compileAndroidMain --console= ...
+ ~~~~~~~~~~~~~~~~~~~~~~~~~~~~~~~~~~~~~~~~~~~~~~~~~~~~~~~~~~~~~~~~~~~~~
    + CategoryInfo          : NotSpecified: (e: file:///C:/U...g dependencies.:String) [], RemoteException
    + FullyQualifiedErrorId : NativeCommandError
 
e: file:///C:/Users/Premelc/StudioProjects/scanapp/feature/collections/impl/src/commonMain/kotlin/com/domelabs/scanapp/
feature/collections/impl/presentation/CollectionsScreen.kt:61:47 Cannot access class 
'org.jetbrains.compose.resources.DrawableResource'. Check your module classpath for missing or conflicting 
dependencies.
e: file:///C:/Users/Premelc/StudioProjects/scanapp/feature/collections/impl/src/commonMain/kotlin/com/domelabs/scanapp/
feature/collections/impl/presentation/detail/CollectionDetailScreen.kt:137:21 Cannot access class 
'org.jetbrains.compose.resources.DrawableResource'. Check your module classpath for missing or conflicting 
dependencies.
e: file:///C:/Users/Premelc/StudioProjects/scanapp/feature/collections/impl/src/commonMain/kotlin/com/domelabs/scanapp/
feature/collections/impl/presentation/detail/CollectionDetailScreen.kt:138:51 Cannot access class 
'org.jetbrains.compose.resources.DrawableResource'. Check your module classpath for missing or conflicting 
dependencies.

[Incubating] Problems report is available at: file:///C:/Users/Premelc/StudioProjects/scanapp/build/reports/problems/problems-report.html

FAILURE: Build failed with an exception.

* What went wrong:
Execution failed for task ':feature:collections:impl:compileAndroidMain'.
> A failure occurred while executing org.jetbrains.kotlin.compilerRunner.btapi.BuildToolsApiCompilationWork
   > Compilation error. See log for more details

* Try:
> Run with --stacktrace option to get the stack trace.
> Run with --info or --debug option to get more log output.
> Run with --scan to get full insights from a Build Scan (powered by Develocity).
> Get more help at https://help.gradle.org.

BUILD FAILED in 5s
30 actionable tasks: 7 executed, 23 up-to-date
